[0m[[0m[0mdebug[0m] [0m[0m> Exec(testOnly risc_v.Toptest -- - DwriteVcd=1, Some(bd25fb1f-ed25-487f-9d92-6dbddd52eb5f), Some(CommandSource(console0)))[0m
[0m[[0m[0mdebug[0m] [0m[0mEvaluating tasks: Test / testOnly[0m
[0m[[0m[0mdebug[0m] [0m[0mRunning task... Cancel: Signal, check cycles: false, forcegc: true[0m
[0m[[0m[0minfo[0m] [0m[0mcompiling 12 Scala sources to /home/goldfox/RISCV_CORE/target/scala-2.12/classes ...[0m
[0m[[0m[33mwarn[0m] [0m[0m/home/goldfox/RISCV_CORE/src/main/scala/risc_v/regfile.scala:5:7: Generated class risc_v.Config differs only in case from risc_v.CONFIG (defined in CodeMem.scala).[0m
[0m[[0m[33mwarn[0m] [0m[0m  Such classes will overwrite one another on case-insensitive filesystems.[0m
[0m[[0m[33mwarn[0m] [0m[0mtrait Config {[0m
[0m[[0m[33mwarn[0m] [0m[0m      ^[0m
[0m[[0m[33mwarn[0m] [0m[0mone warning found[0m
[0m[[0m[0minfo[0m] [0m[0mcompiling 1 Scala source to /home/goldfox/RISCV_CORE/target/scala-2.12/test-classes ...[0m
[0m[[0m[31merror[0m] [0m[0mjava.lang.IllegalArgumentException: Argument unrecognized by ScalaTest's Runner: -[0m
[0m[[0m[31merror[0m] [0m[0m	at org.scalatest.tools.ArgsParser$.parseArgs(ArgsParser.scala:444)[0m
[0m[[0m[31merror[0m] [0m[0m	at org.scalatest.tools.Framework.runner(Framework.scala:942)[0m
[0m[[0m[31merror[0m] [0m[0m	at sbt.Defaults$.$anonfun$createTestRunners$1(Defaults.scala:1360)[0m
[0m[[0m[31merror[0m] [0m[0m	at scala.collection.TraversableLike.$anonfun$map$1(TraversableLike.scala:285)[0m
[0m[[0m[31merror[0m] [0m[0m	at scala.collection.immutable.Map$Map1.foreach(Map.scala:179)[0m
[0m[[0m[31merror[0m] [0m[0m	at scala.collection.TraversableLike.map(TraversableLike.scala:285)[0m
[0m[[0m[31merror[0m] [0m[0m	at scala.collection.TraversableLike.map$(TraversableLike.scala:278)[0m
[0m[[0m[31merror[0m] [0m[0m	at scala.collection.AbstractTraversable.map(Traversable.scala:108)[0m
[0m[[0m[31merror[0m] [0m[0m	at sbt.Defaults$.createTestRunners(Defaults.scala:1354)[0m
[0m[[0m[31merror[0m] [0m[0m	at sbt.Defaults$.allTestGroupsTask(Defaults.scala:1422)[0m
[0m[[0m[31merror[0m] [0m[0m	at sbt.Defaults$.$anonfun$inputTests0$4(Defaults.scala:1339)[0m
[0m[[0m[31merror[0m] [0m[0m	at sbt.std.FullInstance$.$anonfun$flattenFun$3(TaskMacro.scala:80)[0m
[0m[[0m[31merror[0m] [0m[0m	at scala.Function1.$anonfun$compose$1(Function1.scala:49)[0m
[0m[[0m[31merror[0m] [0m[0m	at sbt.internal.util.$tilde$greater.$anonfun$$u2219$1(TypeFunctions.scala:62)[0m
[0m[[0m[31merror[0m] [0m[0m	at sbt.std.Transform$$anon$4.work(Transform.scala:68)[0m
[0m[[0m[31merror[0m] [0m[0m	at sbt.Execute.$anonfun$submit$2(Execute.scala:282)[0m
[0m[[0m[31merror[0m] [0m[0m	at sbt.internal.util.ErrorHandling$.wideConvert(ErrorHandling.scala:23)[0m
[0m[[0m[31merror[0m] [0m[0m	at sbt.Execute.work(Execute.scala:291)[0m
[0m[[0m[31merror[0m] [0m[0m	at sbt.Execute.$anonfun$submit$1(Execute.scala:282)[0m
[0m[[0m[31merror[0m] [0m[0m	at sbt.ConcurrentRestrictions$$anon$4.$anonfun$submitValid$1(ConcurrentRestrictions.scala:265)[0m
[0m[[0m[31merror[0m] [0m[0m	at sbt.CompletionService$$anon$2.call(CompletionService.scala:64)[0m
[0m[[0m[31merror[0m] [0m[0m	at java.base/java.util.concurrent.FutureTask.run(FutureTask.java:264)[0m
[0m[[0m[31merror[0m] [0m[0m	at java.base/java.util.concurrent.Executors$RunnableAdapter.call(Executors.java:539)[0m
[0m[[0m[31merror[0m] [0m[0m	at java.base/java.util.concurrent.FutureTask.run(FutureTask.java:264)[0m
[0m[[0m[31merror[0m] [0m[0m	at java.base/java.util.concurrent.ThreadPoolExecutor.runWorker(ThreadPoolExecutor.java:1136)[0m
[0m[[0m[31merror[0m] [0m[0m	at java.base/java.util.concurrent.ThreadPoolExecutor$Worker.run(ThreadPoolExecutor.java:635)[0m
[0m[[0m[31merror[0m] [0m[0m	at java.base/java.lang.Thread.run(Thread.java:840)[0m
[0m[[0m[31merror[0m] [0m[0m(Test / [31mtestOnly[0m) java.lang.IllegalArgumentException: Argument unrecognized by ScalaTest's Runner: -[0m
[0m[[0m[31merror[0m] [0m[0mTotal time: 11 s, completed Oct 3, 2026, 5:03:36 PM[0m
[0m[[0m[0mdebug[0m] [0m[0m> Exec(shell, None, None)[0m
